// Jest Snapshot v1, https://goo.gl/fbAQLP

exports[`component Options matches snapshot 1`] = `
[
  <option
    id={1}
    value={1}
  >
    Opt. 1
  </option>,
  <option
    id={2}
    value={2}
  >
    Opt. 2
  </option>,
  <option
    id={3}
    value={3}
  >
    Opt. 3
  </option>,
]
`;
