// Jest Snapshot v1, https://goo.gl/fbAQLP

exports[`matches snapshot 1`] = `
<button
  className="Button-sc-cn90ei-0 ThemeToogler__ThemeButton-sc-1e5kdr8-0 jSFdDE KxIsX"
  onClick={[Function]}
>
  switch to dark theme
</button>
`;
